<dataset>
	<status_geral id="1" venda_aberta="true" loja_aberta="false" operador_ativo="false" />
</dataset>