<dataset>

	<usuario id="-1" telefone="354266241" nome="Lucas Malaman1" 
			 senha="12341" email="malamanlucas@gmail.com1"  
			 confiavel="false" habilitado="false" qt_pedido="0" qt_pago="0" qt_nao_pago="0"/>
			 
	<usuario_papel papel="ROLE_OPERADOR" usuario="-1" />
	
	<endereco id="-1" usuario="-1" logradouro="Rua Alberto Lotto1" nro="3151" complemento="Casa1"  bairro="Jardim dos YpÃªs" cep="13609253" />
	
</dataset>