<dataset>

	<usuario id="-1" telefone="93836299" nome="Lucas" 
			 senha="123456" 
			 email="malamanlucas@hotmail.com"  
			 confiavel="true" habilitado="true" qt_pedido="0" qt_pago="0" qt_nao_pago="0"/>
			 
	<usuario_papel papel="ROLE_GESTOR"  usuario="-1" />
	<usuario_papel papel="ROLE_USUARIO" usuario="-1" />
	
	<endereco id="-1" usuario="-1" logradouro="Rua Alberto Lotto" nro="315" complemento="Casa"  bairro="Jardim dos YpÃªs" cep="13609253" />
	
</dataset>