<dataset>

	<endereco id="-1" usuario="-1" logradouro="Rua Alberto Lotto1" nro="3151" complemento="Casa1"  bairro="Jardim dos YpÃªs1" cep="13609253" />
	
</dataset>