<dataset>
	<item nome="Logo" v_padrao="2.50" />
</dataset>