<dataset>
	<item nome="Logo1" v_padrao="2.50" />
	<item nome="Logo2" v_padrao="2.50" />
	<item nome="Logo3" v_padrao="2.50" />
	<item nome="Logo4" v_padrao="2.50" />
</dataset>