<dataset>
	<categoria nome="Teste" tipo="1" />
</dataset>