<dataset>
	<categoria id="-1" nome="Hot-Dog2" descricao="Lanches sÃ³ com hot-dog2" tipo="2" />
</dataset>