<dataset>
	<meio_pagamento id="1" habilitado="false" descricao="teste" />
</dataset>