<dataset>
	<status_geral id="1" venda_aberta="true" loja_aberta="true" operador_ativo="true" />
</dataset>