<dataset>
	<texto_home id="1" titulo="a" corpo="a" />
</dataset>