<dataset>
	<parametro chave="preco_entrega" valor="3.00" />
</dataset>