<dataset>
	<parametro chave="preco_entrega" valor="3.00" />
	<parametro chave="qtd_bloqueado" valor="1" />
	<parametro chave="qtd_confiavel" valor="3" />
	<parametro chave="tempo_inatividade" valor="2" />
	<parametro chave="tempo_resposta_inatividade" valor="1" />
</dataset>