<dataset>
	<item id="-1" nome="Logo2" v_padrao="2.63" />
</dataset>