<dataset>
	<produto id="-1" nome="TESTE" valor="3.63" descricao="NOVA DESCRICAO" tipo="2"/>
</dataset>