<dataset>

	<usuario />
			 
	<usuario_papel />
	
	<endereco />
	
</dataset>